Hello World!
:)
This is a test log file.
Goodbye World!
